Running "assertion_messages_tests" (2 tests)...
assertion_messages_tests.c: Failure: AssertionMessage -> for_comparing_content_with_negative_length 
			Wanted to compare contents with [something], but [-4] was given for the comparison size.

assertion_messages_tests.c: Failure: AssertionMessage -> return_value_constraints_are_not_allowed 
		Got constraint of type [return value], but they are not allowed for assertions, only in mock expectations.

Completed "AssertionMessage": 0 passes, 0 ignored, 2 failures, 0 exceptions in 0ms.
Completed "assertion_messages_tests": 0 passes, 0 ignored, 2 failures, 0 exceptions in 0ms.
