Running "ignore_messages_tests" (5 tests)...
Completed "IgnoreMessage":  in 0ms.
Completed "ignore_messages_tests":  in 0ms.
